_bbss                           BSS            0x00000000
_bcode                          CODE           0x00000000
_bdata                          DATA           0x00000000
_ebss                           BSS            0x00024B20
_ecode                          CODE           0x000134A8
_edata                          DATA           0x000029C4
access                          CODE           0x000032B8
acct                            CODE           0x00000684
acctbuf                         BSS            0x0001D5C0
acctp                           BSS            0x0001D5BC
addupc                          CODE           0x00002A1C
alarm                           CODE           0x0000FDCC
alloc                           CODE           0x00000CA0
allocStart                      DATA           0x00000004
b_to_q                          CODE           0x00007860
badblock                        CODE           0x00000FD0
bawrite                         CODE           0x00001BB8
bcopy                           CODE           0x0000CB30
bdevsw                          DATA           0x00000648
bdwrite                         CODE           0x00001B14
bflush                          CODE           0x00002534
bfreelist                       BSS            0x000215B8
binit                           CODE           0x00001674
bmap                            CODE           0x0000C3D4
bootdsk                         BSS            0x0001D5B8
bread                           CODE           0x00001804
breada                          CODE           0x000018C0
brelse                          CODE           0x00001C18
buf                             BSS            0x0001D0BC
buffers                         BSS            0x00000064
bwrite                          CODE           0x00001A30
callout                         BSS            0x000215FC
canon                           CODE           0x00010614
canonb                          BSS            0x0002420C
cdevsw                          DATA           0x00000710
cfree                           BSS            0x00021A1C
cfreelist                       BSS            0x00021A18
chdir                           CODE           0x0000F80C
chdirec                         CODE           0x0000F85C
checkAddrs                      CODE           0x00012D14
chmod                           CODE           0x0000F948
chown                           CODE           0x0000FA24
chroot                          CODE           0x0000F830
cinit                           CODE           0x000079C4
clearFrame                      CODE           0x00004354
clock                           CODE           0x00002A4C
clockInit                       CODE           0x00005420
close                           CODE           0x0000E58C
closef                          CODE           0x00002FE8
clrbuf                          CODE           0x000022C8
compress                        CODE           0x000008EC
consoleIn                       CODE           0x00012DD4
consoleOut                      CODE           0x00012E24
copyFrame                       CODE           0x00004290
copyIn                          CODE           0x000043E0
copyOut                         CODE           0x0000448C
core                            CODE           0x0000A46C
coremap                         BSS            0x00021888
cpass                           CODE           0x0000CA20
creat                           CODE           0x0000E368
curpri                          BSS            0x00024200
debugAccess                     DATA           0x0000090C
debugAlloc                      DATA           0x0000008C
debugBawrite                    DATA           0x00000364
debugBcopy                      DATA           0x00001F98
debugBdwrite                    DATA           0x00000360
debugBflush                     DATA           0x00000380
debugBinit                      DATA           0x00000350
debugBmap                       DATA           0x00001F94
debugBread                      DATA           0x00000354
debugBreada                     DATA           0x00000358
debugBreak                      CODE           0x0000428C
debugBrelse                     DATA           0x00000368
debugBwrite                     DATA           0x0000035C
debugCheckAddrs                 DATA           0x000025E8
debugCinit                      DATA           0x00001650
debugClearFrame                 DATA           0x00000C68
debugClosef                     DATA           0x00000904
debugClrbuf                     DATA           0x00000378
debugCopyFrame                  DATA           0x00000C64
debugCopyIn                     DATA           0x00000C6C
debugCopyOut                    DATA           0x00000C70
debugEstabur                    DATA           0x000025E0
debugExpand                     DATA           0x00001D7C
debugFalloc                     DATA           0x0000091C
debugFree                       DATA           0x00000090
debugFubyte                     DATA           0x00000C74
debugFuword                     DATA           0x00000C78
debugGetblk                     DATA           0x0000036C
debugGeteblk                    DATA           0x00000370
debugGetf                       DATA           0x00000900
debugGrow                       DATA           0x00001C8C
debugIalloc                     DATA           0x00000094
debugIdeDisk                    DATA           0x00001710
debugIfree                      DATA           0x00000098
debugIget                       DATA           0x00000B18
debugIinit                      DATA           0x00000088
debugIodone                     DATA           0x00000374
debugIomove                     DATA           0x0000167C
debugIput                       DATA           0x00000B1C
debugItrunc                     DATA           0x00000B24
debugIupdat                     DATA           0x00000B20
debugMaknode                    DATA           0x00000B28
debugMalloc                     DATA           0x00001428
debugNamei                      DATA           0x0000152C
debugNewproc                    DATA           0x00001D78
debugOpeni                      DATA           0x00000908
debugOwner                      DATA           0x00000910
debugPageTableMiss              DATA           0x000025DC
debugPagingParams               DATA           0x000025D8
debugPhysio                     DATA           0x00000384
debugPlock                      DATA           0x00001604
debugPrele                      DATA           0x00001608
debugPsignal                    DATA           0x00001C88
debugRamDisk                    DATA           0x00001BB8
debugReadi                      DATA           0x00001674
debugSched                      DATA           0x00001D70
debugSerDisk                    DATA           0x0000190C
debugSetpri                     DATA           0x00001D6C
debugSleep                      DATA           0x00001D64
debugStartup                    DATA           0x00001230
debugSubyte                     DATA           0x00000C7C
debugSureg                      DATA           0x000025E4
debugSuser                      DATA           0x00000914
debugSuword                     DATA           0x00000C80
debugSwap                       DATA           0x0000037C
debugSwtch                      DATA           0x00001D74
debugSyscall                    DATA           0x000023CC
debugTrap                       DATA           0x000023D0
debugUfalloc                    DATA           0x00000918
debugUpdate                     DATA           0x0000009C
debugWakeup                     DATA           0x00001D68
debugWdir                       DATA           0x00000B2C
debugWritei                     DATA           0x00001678
deverror                        CODE           0x0000513C
disableInt                      CODE           0x0000048C
dspinit                         CODE           0x00012E78
dspout                          CODE           0x00012EC0
dspoutchk                       CODE           0x00012EB8
dup                             CODE           0x0000ECA0
enableInt                       CODE           0x00000470
estabur                         CODE           0x00012950
exece                           CODE           0x0000CE7C
exit                            CODE           0x0000D8DC
expand                          CODE           0x0000C270
falloc                          CODE           0x000037D8
file                            BSS            0x00020B04
flushTLB                        CODE           0x00000428
flushtty                        CODE           0x00010580
fork                            CODE           0x0000DCC8
free                            CODE           0x00000E84
fsig                            CODE           0x0000A424
fstat                           CODE           0x0000EA70
ftime                           CODE           0x0000F290
fubyte                          CODE           0x00004538
fuword                          CODE           0x000045D4
getISR                          CODE           0x00000504
getMask                         CODE           0x000004D8
getMemorySize                   CODE           0x00005234
getadr                          CODE           0x0000CD44
getblk                          CODE           0x00001E28
getc                            CODE           0x000071A8
geteblk                         CODE           0x00002050
geterror                        CODE           0x0000292C
getf                            CODE           0x00002F08
getfs                           CODE           0x000013E4
getgid                          CODE           0x0000F4F0
getmdev                         CODE           0x0000F1A4
getpid                          CODE           0x0000F534
getuid                          CODE           0x0000F430
getxfile                        CODE           0x0000D300
grow                            CODE           0x0000A660
gtime                           CODE           0x0000F26C
ialloc                          CODE           0x0000102C
ideClose                        CODE           0x000087AC
ideOpen                         CODE           0x0000874C
ideRead                         CODE           0x00008C10
ideSize                         CODE           0x00008684
ideStrategy                     CODE           0x00008924
ideTab                          BSS            0x000228CC
ideWrite                        CODE           0x00008C74
idle                            CODE           0x0000034C
ifree                           CODE           0x00001340
iget                            CODE           0x000039FC
iinit                           CODE           0x00000B38
incore                          CODE           0x00001DB8
initInterrupts                  CODE           0x000051C8
initPaging                      CODE           0x000127D0
inode                           BSS            0x0001D5E4
ioctl                           CODE           0x00010078
iodone                          CODE           0x0000223C
iomove                          CODE           0x00007FF4
iowait                          CODE           0x00002190
ipc                             BSS            0x00022BD8
iput                            CODE           0x00003C3C
issig                           CODE           0x0000A154
itrunc                          CODE           0x00003F60
iupdat                          CODE           0x00003D10
kbdin                           CODE           0x0001314C
kbdinchk                        CODE           0x00013138
kbdinit                         CODE           0x00013134
kill                            CODE           0x0000FB80
lbolt                           BSS            0x000216EC
linesw                          DATA           0x000008A0
link                            CODE           0x0000E6CC
logfileOut                      CODE           0x00012DB8
main                            CODE           0x00005A8C
maknode                         CODE           0x00004070
malloc                          CODE           0x00006110
maptab                          DATA           0x000022B8
max                             CODE           0x00007FCC
mfree                           CODE           0x00006268
min                             CODE           0x00007FE0
mknod                           CODE           0x0000E858
mmclose                         CODE           0x00006488
mmopen                          CODE           0x00006484
mmread                          CODE           0x0000648C
mmwrite                         CODE           0x00006560
mount                           BSS            0x00000000
mpid                            BSS            0x00024204
namei                           CODE           0x00006650
nblkdev                         BSS            0x000215F4
nchrdev                         BSS            0x000215F0
ndflush                         CODE           0x00007570
ndqb                            CODE           0x0000747C
newproc                         CODE           0x0000BEE8
nice                            CODE           0x0000F598
nldisp                          DATA           0x000008C8
notavail                        CODE           0x000021DC
open                            CODE           0x0000E2DC
open1                           CODE           0x0000E438
openi                           CODE           0x0000318C
outputToConsole                 DATA           0x00000C88
outputToLogfile                 DATA           0x00000C84
outputToTerminal                DATA           0x00000C8C
owner                           CODE           0x000034B8
panic                           CODE           0x000050C0
partab                          DATA           0x00001584
passc                           CODE           0x0000C900
pause                           CODE           0x0000FE30
physio                          CODE           0x000025F0
pipe                            CODE           0x00006D24
pipedev                         BSS            0x000215E4
plock                           CODE           0x000070A8
prdev                           CODE           0x000050F8
prele                           CODE           0x00007124
printf                          CODE           0x00005088
proc                            BSS            0x00022CE8
proc0uarea                      DATA           0x00000000
procxmt                         CODE           0x0000AB00
profil                          CODE           0x0000FD2C
psig                            CODE           0x0000A2B4
psignal                         CODE           0x0000A084
ptrace                          CODE           0x0000A8CC
putc                            CODE           0x0000772C
q_to_b                          CODE           0x000072EC
qswtch                          CODE           0x0000BC7C
rablock                         BSS            0x0002269C
ramClose                        CODE           0x00009A88
ramOpen                         CODE           0x00009A40
ramSize                         CODE           0x000099FC
ramStrategy                     CODE           0x00009B10
ramTab                          BSS            0x00022B54
rdwr                            CODE           0x0000E12C
read                            CODE           0x0000E0F4
readi                           CODE           0x00007AB0
readp                           CODE           0x00006E40
regloc                          DATA           0x000023D4
restfp                          CODE           0x0000040C
restoreInt                      CODE           0x000004AC
resume                          CODE           0x00000390
rexit                           CODE           0x0000D8A0
rootdev                         BSS            0x000215EC
rootdir                         BSS            0x000216F4
runin                           BSS            0x00024203
runout                          BSS            0x00024202
runq                            BSS            0x00024208
runrun                          BSS            0x00024201
saccess                         CODE           0x0000E920
save                            CODE           0x00000360
savfp                           CODE           0x00000408
sbreak                          CODE           0x0000DED0
schar                           CODE           0x00006C88
sched                           CODE           0x0000B870
seek                            CODE           0x0000E5F8
sendsig                         CODE           0x00005488
serClose                        CODE           0x0000972C
serOpen                         CODE           0x000096CC
serRead                         CODE           0x00009934
serSize                         CODE           0x000095E0
serStrategy                     CODE           0x0000978C
serTab                          BSS            0x00022B28
serWrite                        CODE           0x00009998
setDebugOutput                  CODE           0x00005608
setISR                          CODE           0x0000051C
setMask                         CODE           0x000004E4
setTLB                          CODE           0x0000045C
setgid                          CODE           0x0000F474
setpri                          CODE           0x0000B7B0
setregs                         CODE           0x0000D6D4
setrq                           CODE           0x0000B610
setrun                          CODE           0x0000B6B4
setuid                          CODE           0x0000F39C
showProcTable                   CODE           0x0000B018
showSuperBlock                  CODE           0x00000948
signal                          CODE           0x0000A014
sigret                          CODE           0x00005588
sleep                           CODE           0x0000B344
slpque                          BSS            0x00022BE8
smount                          CODE           0x0000EDA0
spl0                            CODE           0x000052D8
spl1                            CODE           0x00005300
spl4                            CODE           0x00005328
spl5                            CODE           0x00005350
spl6                            CODE           0x00005378
spl7                            CODE           0x000053A0
splx                            CODE           0x000053C0
ssig                            CODE           0x0000FAA0
stat                            CODE           0x0000EAEC
stat1                           CODE           0x0000EB70
stime                           CODE           0x0000F354
stop                            CODE           0x0000A1F4
strcpy                          CODE           0x000047EC
strlen                          CODE           0x000047B8
subyte                          CODE           0x0000466C
sumount                         CODE           0x0000F020
sureg                           CODE           0x00012AB8
suser                           CODE           0x0000360C
suword                          CODE           0x00004714
swap                            CODE           0x0000234C
swapdev                         BSS            0x000215E8
swapin                          CODE           0x0000BB1C
swapmap                         BSS            0x000216F8
swbuf1                          BSS            0x0001D090
swbuf2                          BSS            0x0001D064
swtch                           CODE           0x0000BCA8
syclose                         CODE           0x0000CC44
syioctl                         CODE           0x0000CCE0
sync                            CODE           0x0000F580
syopen                          CODE           0x0000CBC4
syread                          CODE           0x0000CC48
sysacct                         CODE           0x00000544
sysent                          DATA           0x000020B8
sywrite                         CODE           0x0000CC94
terminalOut                     CODE           0x00009FE0
text                            BSS            0x00021338
time                            BSS            0x000215F8
timeout                         CODE           0x00002E04
times                           CODE           0x0000FCD0
trapISR                         CODE           0x00011EBC
trapInit                        CODE           0x00011DE0
trmClose                        CODE           0x00009EC8
trmIoctl                        CODE           0x00009F74
trmOpen                         CODE           0x00009DC8
trmRead                         CODE           0x00009F04
trmWrite                        CODE           0x00009F3C
ttioccomm                       CODE           0x000101A0
ttread                          CODE           0x00011054
ttrstrt                         CODE           0x00010FC8
ttstart                         CODE           0x00011004
ttwrite                         CODE           0x000110CC
ttyblock                        CODE           0x00010C04
ttychars                        CODE           0x00010004
ttyclose                        CODE           0x00010048
ttyinput                        CODE           0x00010958
ttyopen                         CODE           0x0000FF74
ttyoutput                       CODE           0x00010CB0
ttyrend                         CODE           0x00010870
uchar                           CODE           0x00006CB8
ufalloc                         CODE           0x000036E4
umask                           CODE           0x0000FE5C
unlink                          CODE           0x0000F624
update                          CODE           0x000014A0
updlock                         BSS            0x00000060
utime                           CODE           0x0000FEC0
wait                            CODE           0x0000DB20
wakeup                          CODE           0x0000B500
wdir                            CODE           0x00004170
wflushtty                       CODE           0x00010510
write                           CODE           0x0000E110
writei                          CODE           0x00007D68
writep                          CODE           0x00006F38
xalloc                          CODE           0x000113F4
xccdec                          CODE           0x0001183C
xexpand                         CODE           0x000116AC
xfree                           CODE           0x000112D4
xlock                           CODE           0x00011794
xltbl1                          CODE           0x000132A8
xltbl2                          CODE           0x000133A8
xrele                           CODE           0x00011954
xswap                           CODE           0x000111A0
xumount                         CODE           0x000118EC
xunlock                         CODE           0x000117F0
xuntext                         CODE           0x000119C4

CODE     start 0xC0010000     size 0x000134A8
DATA     start 0xC0024000     size 0x000029C4
BSS      start 0xC00269C4     size 0x00024B20
