_bbss                           BSS            0x00000000
_bcode                          CODE           0x00000000
_bdata                          DATA           0x00000000
_ebss                           BSS            0x00000B80
_ecode                          CODE           0x00007548
_edata                          DATA           0x00001B78
addHist                         CODE           0x00005658
asmInstr                        CODE           0x00002A94
boot                            CODE           0x000044BC
cin                             CODE           0x00000018
cinchk                          CODE           0x00000014
commands                        DATA           0x00000040
cout                            CODE           0x00000020
coutchk                         CODE           0x0000001C
cpuGetBreak                     CODE           0x00004698
cpuGetPC                        CODE           0x000045F0
cpuGetPSW                       CODE           0x0000465C
cpuGetReg                       CODE           0x00004618
cpuResetBreak                   CODE           0x000046D4
cpuRun                          CODE           0x00004D10
cpuSetBreak                     CODE           0x000046AC
cpuSetPC                        CODE           0x00004604
cpuSetPSW                       CODE           0x00004670
cpuSetReg                       CODE           0x00004634
cpuStep                         CODE           0x00004848
cpuTestBreak                    CODE           0x00004684
debugBreak                      CODE           0x00005738
disasm                          CODE           0x00003AA8
dskcap                          CODE           0x00000024
dskcapctl                       CODE           0x000071E8
dskcapser                       CODE           0x0000735C
dskinitctl                      CODE           0x000071E4
dskinitser                      CODE           0x00007358
dskio                           CODE           0x00000028
dskioctl                        CODE           0x00007220
dskioser                        CODE           0x00007430
dspinit                         CODE           0x00006E50
dspout                          CODE           0x00006E98
dspoutchk                       CODE           0x00006E90
exceptionToString               CODE           0x000046E8
execCommand                     CODE           0x00002738
getLine                         CODE           0x000052F0
getTLB_HI                       CODE           0x0000010C
getTLB_LO                       CODE           0x0000011C
getchar                         CODE           0x00005E40
initInstrTable                  CODE           0x000027E4
instrCodeTbl                    BSS            0x000000A4
instrTbl                        DATA           0x00001034
kbdin                           CODE           0x00006ACC
kbdinchk                        CODE           0x00006AB8
kbdinit                         CODE           0x00006AB4
load                            CODE           0x00003F48
lookupInstr                     CODE           0x00002908
main                            CODE           0x000003F8
mmuGetBadAccs                   CODE           0x000051A4
mmuGetBadAddr                   CODE           0x0000517C
mmuGetEntryHi                   CODE           0x0000512C
mmuGetEntryLo                   CODE           0x00005154
mmuGetIndex                     CODE           0x00005104
mmuGetTLB                       CODE           0x000051CC
mmuReadByte                     CODE           0x000050D4
mmuReadHalf                     CODE           0x000050C8
mmuReadWord                     CODE           0x000050BC
mmuSetBadAccs                   CODE           0x000051B8
mmuSetBadAddr                   CODE           0x00005190
mmuSetEntryHi                   CODE           0x00005140
mmuSetEntryLo                   CODE           0x00005168
mmuSetIndex                     CODE           0x00005118
mmuSetTLB                       CODE           0x00005294
mmuWriteByte                    CODE           0x000050F8
mmuWriteHalf                    CODE           0x000050EC
mmuWriteWord                    CODE           0x000050E0
monitorReturn                   BSS            0x00000000
numCommands                     DATA           0x0000010C
printf                          CODE           0x000069CC
putchar                         CODE           0x00005E64
puts                            CODE           0x00005EA0
qsort                           CODE           0x00005DF4
resume                          CODE           0x00000280
saveState                       CODE           0x0000020C
ser0in                          CODE           0x00007124
ser0inchk                       CODE           0x00007110
ser0init                        CODE           0x0000710C
ser0out                         CODE           0x00007154
ser0outchk                      CODE           0x00007140
ser1in                          CODE           0x0000718C
ser1inchk                       CODE           0x00007174
ser1init                        CODE           0x00007170
ser1out                         CODE           0x000071C4
ser1outchk                      CODE           0x000071AC
setTLB                          CODE           0x0000012C
setcon                          CODE           0x00000010
sprintf                         CODE           0x00006A70
strcat                          CODE           0x000057E8
strchr                          CODE           0x00005834
strcmp                          CODE           0x00005774
strcpy                          CODE           0x000057AC
strlen                          CODE           0x0000573C
strtok                          CODE           0x00005864
strtoul                         CODE           0x00005B38
userContext                     BSS            0x00000004
vprintf                         CODE           0x0000698C
vsprintf                        CODE           0x00006A18
xltbl1                          CODE           0x00006C50
xltbl2                          CODE           0x00006D50

CODE     start 0xC0000000     size 0x00007548
DATA     start 0xC000C000     size 0x00001B78
BSS      start 0xC000DB78     size 0x00000B80
